START 1791381140.196
END 1791381142.899
START 1791381144.910
END 1791381150.805
START 1791381154.772
END 1791381155.225
START 1791381156.631
END 1791381160.301
START 1791381163.071
START 1791381168.978
END 1791381170.358
END 1791381170.658
START 1791381173.516
END 1791381175.158
START 1791381176.329
END 1791381177.482
START 1791381179.963
END 1791381180.626
START 1791381184.712
END 1791381185.226
START 1791381191.342
END 1791381191.704
START 1791381193.878
END 1791381194.494
START 1791381199.200
END 1791381199.713
START 1791381202.614
END 1791381203.156
START 1791381205.707
END 1791381206.683
START 1791381208.180
END 1791381209.231
START 1791381211.317
END 1791381212.058
START 1791381214.268
END 1791381215.136
START 1791381217.874
END 1791381219.056
START 1791381224.291
END 1791381224.675
START 1791381230.905
END 1791381231.391
START 1791381233.482
END 1791381233.873
START 1791381238.932
END 1791381239.547
START 1791381240.936
END 1791381241.411
START 1791381243.776
END 1791381244.261
START 1791381246.940
END 1791381247.883
START 1791381249.138
END 1791381249.644
START 1791381251.076
END 1791381251.639
START 1791381254.038
END 1791381254.604
START 1791381258.969
END 1791381259.463
START 1791381264.270
END 1791381264.565
START 1791381266.676
END 1791381266.987
START 1791381271.592
END 1791381271.984
START 1791381274.391
END 1791381274.738
START 1791381277.195
END 1791381277.692
START 1791381278.859
END 1791381279.561
START 1791381281.796
END 1791381282.295
START 1791381284.855
END 1791381285.361
START 1791381287.532
END 1791381288.017
START 1791381292.102
END 1791381292.579
START 1791381297.708
END 1791381298.011
START 1791381300.163
END 1791381300.782
START 1791381305.672
END 1791381306.206
START 1791381308.457
END 1791381308.929
START 1791381311.412
END 1791381311.862
START 1791381313.077
END 1791381313.759
START 1791381315.702
END 1791381316.167
START 1791381317.841
END 1791381318.468
START 1791381320.845
END 1791381321.810
START 1791381326.023
END 1791381326.492
START 1791381331.326
END 1791381331.637
START 1791381333.738
END 1791381334.077
START 1791381339.078
END 1791381339.621
START 1791381342.130
END 1791381342.612
START 1791381343.698
END 1791381344.066
START 1791381345.242
END 1791381345.644
START 1791381348.148
END 1791381348.723
START 1791381351.322
END 1791381351.859
START 1791381354.010
END 1791381354.568
START 1791381358.750
END 1791381359.272
START 1791381365.273
END 1791381365.615
START 1791381367.690
END 1791381368.092
START 1791381372.678
END 1791381373.118
START 1791381374.432
END 1791381374.779
START 1791381377.319
END 1791381377.842
START 1791381379.183
END 1791381379.587
START 1791381381.912
END 1791381382.738
START 1791381384.217
END 1791381384.710
START 1791381386.977
END 1791381387.443
START 1791381391.704
END 1791381392.190
START 1791381397.119
END 1791381397.448
START 1791381399.518
END 1791381400.065
START 1791381404.669
END 1791381405.342
START 1791381406.675
END 1791381407.421
START 1791381408.495
END 1791381409.054
START 1791381410.168
END 1791381410.594
START 1791381412.991
END 1791381413.431
START 1791381414.885
END 1791381415.377
START 1791381417.544
END 1791381418.044
START 1791381422.186
END 1791381422.663
START 1791381429.958
END 1791381430.255
START 1791381432.416
END 1791381432.936
START 1791381437.392
END 1791381437.829
START 1791381439.320
END 1791381439.920
START 1791381441.278
END 1791381441.934
START 1791381444.213
END 1791381444.990
START 1791381446.523
END 1791381447.153
START 1791381450.236
END 1791381450.885
START 1791381453.568
END 1791381454.093
START 1791381458.517
END 1791381459.204
START 1791381466.063
END 1791381466.372
START 1791381468.549
END 1791381469.325
START 1791381474.839
END 1791381475.440
START 1791381476.966
END 1791381477.607
START 1791381478.781
END 1791381479.554
START 1791381481.042
END 1791381481.682
START 1791381483.597
END 1791381484.382
START 1791381485.891
END 1791381486.488
START 1791381489.134
END 1791381489.753
START 1791381494.224
END 1791381494.705
