START 1791383996.325 13331484672
FIN 1791384001.108 13331484672 SCRIPT_STOPPED_WITH_SUCCESS True
END 1791384001.294 13331484672
START 1791384003.246 13331484672
FIN 1791384012.646 13331484672 SCRIPT_STOPPED_WITH_SUCCESS False
END 1791384012.786 13331484672
START 1791384017.719 13281116160
FIN 1791384018.096 13281116160 SCRIPT_STOPPED_WITH_SUCCESS False
END 1791384018.226 13281116160
START 1791384019.784 13281116160
FIN 1791384023.257 13281116160 SCRIPT_STOPPED_WITH_SUCCESS False
END 1791384023.312 13281116160
START 1791384023.955 13281116160
FIN 1791384030.268 13281116160 SCRIPT_STOPPED_WITH_SUCCESS False
END 1791384030.347 13281116160
START 1791384032.984 13281116160
FIN 1791384033.397 13281116160 SCRIPT_STOPPED_WITH_SUCCESS False
END 1791384033.499 13281116160
START 1791384034.692 13281116160
FIN 1791384035.002 13281116160 SCRIPT_STOPPED_WITH_SUCCESS False
END 1791384035.134 13281116160
START 1791384037.552 13281116160
FIN 1791384037.911 13281116160 SCRIPT_STOPPED_WITH_SUCCESS True
END 1791384038.040 13281116160
START 1791384040.247 13163589632
FIN 1791384040.569 13163589632 SCRIPT_STOPPED_WITH_SUCCESS False
END 1791384040.749 13163589632
START 1791384045.153 13163589632
FIN 1791384045.457 13163589632 SCRIPT_STOPPED_WITH_SUCCESS False
END 1791384045.626 13163589632
START 1791384051.616 13297905664
FIN 1791384051.774 13297905664 SCRIPT_STOPPED_WITH_SUCCESS True
END 1791384051.901 13297905664
START 1791384054.038 13314695168
FIN 1791384054.269 13314695168 SCRIPT_STOPPED_WITH_SUCCESS False
END 1791384054.334 13314695168
START 1791384059.001 13314695168
FIN 1791384059.279 13314695168 SCRIPT_STOPPED_WITH_SUCCESS False
END 1791384059.414 13314695168
START 1791384060.821 13314695168
FIN 1791384061.195 13314695168 SCRIPT_STOPPED_WITH_SUCCESS False
END 1791384061.330 13314695168
START 1791384062.431 13314695168
FIN 1791384062.708 13314695168 SCRIPT_STOPPED_WITH_SUCCESS False
END 1791384062.812 13314695168
START 1791384065.207 13314695168
FIN 1791384065.518 13314695168 SCRIPT_STOPPED_WITH_SUCCESS False
END 1791384065.591 13314695168
START 1791384067.964 13314695168
FIN 1791384068.353 13314695168 SCRIPT_STOPPED_WITH_SUCCESS False
END 1791384068.501 13314695168
START 1791384071.256 13314695168
FIN 1791384071.595 13314695168 SCRIPT_STOPPED_WITH_SUCCESS True
END 1791384071.769 13314695168
START 1791384073.934 13180379136
FIN 1791384074.224 13180379136 SCRIPT_STOPPED_WITH_SUCCESS False
END 1791384074.369 13180379136
START 1791384078.481 13180379136
FIN 1791384078.942 13180379136 SCRIPT_STOPPED_WITH_SUCCESS False
END 1791384079.204 13180379136
START 1791384085.069 13297905664
FIN 1791384085.230 13297905664 SCRIPT_STOPPED_WITH_SUCCESS True
END 1791384085.327 13297905664
START 1791384087.042 13314695168
FIN 1791384087.289 13314695168 SCRIPT_STOPPED_WITH_SUCCESS False
END 1791384087.353 13314695168
START 1791384092.329 13314695168
FIN 1791384092.664 13314695168 SCRIPT_STOPPED_WITH_SUCCESS False
END 1791384092.910 13314695168
START 1791384094.119 13314695168
FIN 1791384094.359 13314695168 SCRIPT_STOPPED_WITH_SUCCESS False
END 1791384094.436 13314695168
START 1791384096.655 13314695168
FIN 1791384096.914 13314695168 SCRIPT_STOPPED_WITH_SUCCESS False
END 1791384096.984 13314695168
START 1791384099.236 13314695168
FIN 1791384099.518 13314695168 SCRIPT_STOPPED_WITH_SUCCESS False
END 1791384099.595 13314695168
START 1791384102.047 13314695168
FIN 1791384102.329 13314695168 SCRIPT_STOPPED_WITH_SUCCESS False
END 1791384102.465 13314695168
START 1791384104.899 13314695168
FIN 1791384105.229 13314695168 SCRIPT_STOPPED_WITH_SUCCESS True
END 1791384105.363 13314695168
START 1791384107.516 13163589632
FIN 1791384107.815 13163589632 SCRIPT_STOPPED_WITH_SUCCESS False
END 1791384107.971 13163589632
START 1791384112.061 13163589632
FIN 1791384112.350 13163589632 SCRIPT_STOPPED_WITH_SUCCESS False
END 1791384112.476 13163589632
START 1791384117.506 13314695168
FIN 1791384117.687 13314695168 SCRIPT_STOPPED_WITH_SUCCESS True
END 1791384117.848 13314695168
START 1791384120.179 13314695168
FIN 1791384120.943 13314695168 SCRIPT_STOPPED_WITH_SUCCESS False
END 1791384121.302 13314695168
START 1791384126.187 13314695168
FIN 1791384126.496 13314695168 SCRIPT_STOPPED_WITH_SUCCESS False
END 1791384126.647 13314695168
START 1791384129.198 13314695168
FIN 1791384129.477 13314695168 SCRIPT_STOPPED_WITH_SUCCESS False
END 1791384129.613 13314695168
START 1791384130.763 13314695168
FIN 1791384131.022 13314695168 SCRIPT_STOPPED_WITH_SUCCESS False
END 1791384131.092 13314695168
START 1791384132.355 13314695168
FIN 1791384132.701 13314695168 SCRIPT_STOPPED_WITH_SUCCESS False
END 1791384132.869 13314695168
START 1791384134.132 13314695168
FIN 1791384134.425 13314695168 SCRIPT_STOPPED_WITH_SUCCESS False
END 1791384134.563 13314695168
START 1791384137.221 13314695168
FIN 1791384137.557 13314695168 SCRIPT_STOPPED_WITH_SUCCESS True
END 1791384137.709 13314695168
START 1791384139.970 13163589632
FIN 1791384140.331 13163589632 SCRIPT_STOPPED_WITH_SUCCESS False
END 1791384140.453 13163589632
START 1791384144.698 13163589632
FIN 1791384145.030 13163589632 SCRIPT_STOPPED_WITH_SUCCESS False
END 1791384145.169 13163589632
START 1791384149.817 13297905664
FIN 1791384149.965 13297905664 SCRIPT_STOPPED_WITH_SUCCESS True
END 1791384150.098 13297905664
START 1791384152.194 13297905664
FIN 1791384152.423 13297905664 SCRIPT_STOPPED_WITH_SUCCESS False
END 1791384152.486 13297905664
START 1791384157.766 13297905664
FIN 1791384158.069 13297905664 SCRIPT_STOPPED_WITH_SUCCESS False
END 1791384158.220 13297905664
START 1791384159.616 13297905664
FIN 1791384159.862 13297905664 SCRIPT_STOPPED_WITH_SUCCESS False
END 1791384159.930 13297905664
START 1791384162.209 13297905664
FIN 1791384162.617 13297905664 SCRIPT_STOPPED_WITH_SUCCESS False
END 1791384162.822 13297905664
START 1791384164.078 13297905664
FIN 1791384164.816 13297905664 SCRIPT_STOPPED_WITH_SUCCESS False
END 1791384165.085 13297905664
START 1791384167.527 13297905664
FIN 1791384168.027 13297905664 SCRIPT_STOPPED_WITH_SUCCESS False
END 1791384168.189 13297905664
START 1791384169.861 13297905664
FIN 1791384170.229 13297905664 SCRIPT_STOPPED_WITH_SUCCESS True
END 1791384170.408 13297905664
START 1791384172.882 13180379136
FIN 1791384174.367 13180379136 SCRIPT_STOPPED_WITH_SUCCESS False
END 1791384174.798 13180379136
START 1791384180.332 13180379136
FIN 1791384181.024 13180379136 SCRIPT_STOPPED_WITH_SUCCESS False
END 1791384181.219 13180379136
START 1791384185.992 13297905664
FIN 1791384186.200 13297905664 SCRIPT_STOPPED_WITH_SUCCESS True
END 1791384186.336 13297905664
START 1791384188.403 13297905664
FIN 1791384188.655 13297905664 SCRIPT_STOPPED_WITH_SUCCESS False
END 1791384188.721 13297905664
START 1791384193.211 13297905664
FIN 1791384193.474 13297905664 SCRIPT_STOPPED_WITH_SUCCESS False
END 1791384193.614 13297905664
START 1791384194.920 13297905664
FIN 1791384195.178 13297905664 SCRIPT_STOPPED_WITH_SUCCESS False
END 1791384195.255 13297905664
START 1791384197.553 13297905664
FIN 1791384197.819 13297905664 SCRIPT_STOPPED_WITH_SUCCESS False
END 1791384197.988 13297905664
START 1791384200.256 13297905664
FIN 1791384200.543 13297905664 SCRIPT_STOPPED_WITH_SUCCESS False
END 1791384200.608 13297905664
START 1791384202.827 13297905664
FIN 1791384203.220 13297905664 SCRIPT_STOPPED_WITH_SUCCESS False
END 1791384203.369 13297905664
START 1791384204.730 13297905664
FIN 1791384205.041 13297905664 SCRIPT_STOPPED_WITH_SUCCESS True
END 1791384205.205 13297905664
START 1791384207.564 13163589632
FIN 1791384207.949 13163589632 SCRIPT_STOPPED_WITH_SUCCESS False
END 1791384208.110 13163589632
START 1791384212.821 13163589632
FIN 1791384213.131 13163589632 SCRIPT_STOPPED_WITH_SUCCESS False
END 1791384213.295 13163589632
START 1791384218.348 13348274176
FIN 1791384218.573 13348274176 SCRIPT_STOPPED_WITH_SUCCESS True
END 1791384218.741 13348274176
START 1791384220.527 13348274176
FIN 1791384220.756 13348274176 SCRIPT_STOPPED_WITH_SUCCESS False
END 1791384220.820 13348274176
START 1791384225.637 13348274176
FIN 1791384226.049 13348274176 SCRIPT_STOPPED_WITH_SUCCESS False
END 1791384226.205 13348274176
START 1791384227.582 13348274176
FIN 1791384227.993 13348274176 SCRIPT_STOPPED_WITH_SUCCESS False
END 1791384228.205 13348274176
START 1791384229.283 13348274176
FIN 1791384229.558 13348274176 SCRIPT_STOPPED_WITH_SUCCESS False
END 1791384229.686 13348274176
START 1791384232.192 13348274176
FIN 1791384233.010 13348274176 SCRIPT_STOPPED_WITH_SUCCESS False
END 1791384233.496 13348274176
START 1791384237.192 13348274176
FIN 1791384237.706 13348274176 SCRIPT_STOPPED_WITH_SUCCESS False
END 1791384237.916 13348274176
START 1791384239.778 13348274176
FIN 1791384241.743 13348274176 SCRIPT_STOPPED_WITH_SUCCESS True
END 1791384242.330 13348274176
START 1791384245.204 13163589632
FIN 1791384245.693 13163589632 SCRIPT_STOPPED_WITH_SUCCESS False
END 1791384245.836 13163589632
START 1791384250.410 13163589632
FIN 1791384251.012 13163589632 SCRIPT_STOPPED_WITH_SUCCESS False
END 1791384251.393 13163589632
START 1791384256.279 13314695168
FIN 1791384256.469 13314695168 SCRIPT_STOPPED_WITH_SUCCESS True
END 1791384256.611 13314695168
START 1791384258.683 13314695168
FIN 1791384258.977 13314695168 SCRIPT_STOPPED_WITH_SUCCESS False
END 1791384259.049 13314695168
START 1791384263.643 13314695168
FIN 1791384263.941 13314695168 SCRIPT_STOPPED_WITH_SUCCESS False
END 1791384264.109 13314695168
START 1791384265.460 13314695168
FIN 1791384265.769 13314695168 SCRIPT_STOPPED_WITH_SUCCESS False
END 1791384265.889 13314695168
START 1791384268.348 13314695168
FIN 1791384268.687 13314695168 SCRIPT_STOPPED_WITH_SUCCESS False
END 1791384268.841 13314695168
START 1791384270.002 13314695168
FIN 1791384270.341 13314695168 SCRIPT_STOPPED_WITH_SUCCESS False
END 1791384270.447 13314695168
START 1791384272.749 13314695168
FIN 1791384273.042 13314695168 SCRIPT_STOPPED_WITH_SUCCESS False
END 1791384273.127 13314695168
START 1791384275.618 13314695168
FIN 1791384275.982 13314695168 SCRIPT_STOPPED_WITH_SUCCESS True
END 1791384276.124 13314695168
START 1791384278.314 13163589632
FIN 1791384278.702 13163589632 SCRIPT_STOPPED_WITH_SUCCESS False
END 1791384278.861 13163589632
START 1791384283.082 13163589632
FIN 1791384283.435 13163589632 SCRIPT_STOPPED_WITH_SUCCESS False
END 1791384283.588 13163589632
START 1791384287.839 13297905664
FIN 1791384288.055 13297905664 SCRIPT_STOPPED_WITH_SUCCESS True
END 1791384288.187 13297905664
START 1791384290.230 13314695168
FIN 1791384290.543 13314695168 SCRIPT_STOPPED_WITH_SUCCESS False
END 1791384290.633 13314695168
START 1791384295.251 13314695168
FIN 1791384295.597 13314695168 SCRIPT_STOPPED_WITH_SUCCESS False
END 1791384295.750 13314695168
START 1791384298.230 13314695168
FIN 1791384298.608 13314695168 SCRIPT_STOPPED_WITH_SUCCESS False
END 1791384298.765 13314695168
START 1791384299.843 13314695168
FIN 1791384300.188 13314695168 SCRIPT_STOPPED_WITH_SUCCESS False
END 1791384300.294 13314695168
START 1791384302.866 13314695168
FIN 1791384303.262 13314695168 SCRIPT_STOPPED_WITH_SUCCESS False
END 1791384303.442 13314695168
START 1791384304.627 13314695168
FIN 1791384305.051 13314695168 SCRIPT_STOPPED_WITH_SUCCESS False
END 1791384305.194 13314695168
START 1791384306.462 13314695168
FIN 1791384306.821 13314695168 SCRIPT_STOPPED_WITH_SUCCESS True
END 1791384306.994 13314695168
START 1791384309.128 13163589632
FIN 1791384309.789 13163589632 SCRIPT_STOPPED_WITH_SUCCESS False
END 1791384310.021 13163589632
START 1791384314.216 13163589632
FIN 1791384314.570 13163589632 SCRIPT_STOPPED_WITH_SUCCESS False
END 1791384314.733 13163589632
START 1791384319.495 13297905664
FIN 1791384319.676 13297905664 SCRIPT_STOPPED_WITH_SUCCESS True
END 1791384319.813 13297905664
START 1791384321.893 13314695168
FIN 1791384322.177 13314695168 SCRIPT_STOPPED_WITH_SUCCESS False
END 1791384322.336 13314695168
START 1791384327.184 13314695168
FIN 1791384327.524 13314695168 SCRIPT_STOPPED_WITH_SUCCESS False
END 1791384327.671 13314695168
START 1791384328.985 13314695168
FIN 1791384329.340 13314695168 SCRIPT_STOPPED_WITH_SUCCESS False
END 1791384329.438 13314695168
START 1791384330.602 13314695168
FIN 1791384330.976 13314695168 SCRIPT_STOPPED_WITH_SUCCESS False
END 1791384331.141 13314695168
START 1791384333.740 13314695168
FIN 1791384335.460 13314695168 SCRIPT_STOPPED_WITH_SUCCESS False
END 1791384335.951 13314695168
START 1791384338.349 13314695168
FIN 1791384338.897 13314695168 SCRIPT_STOPPED_WITH_SUCCESS False
END 1791384339.084 13314695168
START 1791384342.347 13314695168
FIN 1791384343.145 13314695168 SCRIPT_STOPPED_WITH_SUCCESS True
END 1791384343.403 13314695168
START 1791384347.481 13163589632
FIN 1791384349.016 13163589632 SCRIPT_STOPPED_WITH_SUCCESS False
END 1791384349.357 13163589632
START 1791384355.236 13163589632
FIN 1791384355.728 13163589632 SCRIPT_STOPPED_WITH_SUCCESS False
END 1791384355.995 13163589632
