START 1791383587.487 6392344576
FIN 1791383591.328 6392344576 SCRIPT_STOPPED_WITH_SUCCESS True
END 1791383591.450 6392344576
START 1791383594.028 6392344576
FIN 1791383601.951 6392344576 SCRIPT_STOPPED_WITH_SUCCESS False
END 1791383602.088 6392344576
START 1791383610.162 6392344576
FIN 1791383610.559 6392344576 SCRIPT_STOPPED_WITH_SUCCESS False
END 1791383610.791 6392344576
START 1791383612.441 6392344576
FIN 1791383617.477 6392344576 SCRIPT_STOPPED_WITH_SUCCESS False
END 1791383617.616 6392344576
START 1791383619.242 6392344576
FIN 1791383624.447 6392344576 SCRIPT_STOPPED_WITH_SUCCESS False
END 1791383624.553 6392344576
START 1791383625.558 6392344576
FIN 1791383626.333 6392344576 SCRIPT_STOPPED_WITH_SUCCESS False
END 1791383626.498 6392344576
START 1791383628.222 6392344576
FIN 1791383628.381 6392344576 SCRIPT_STOPPED_WITH_SUCCESS False
END 1791383628.503 6392344576
START 1791383629.988 6392344576
FIN 1791383630.512 6392344576 SCRIPT_STOPPED_WITH_SUCCESS True
END 1791383630.861 6392344576
START 1791383634.352 6392344576
FIN 1791383634.538 6392344576 SCRIPT_STOPPED_WITH_SUCCESS False
END 1791383634.662 6392344576
START 1791383639.279 6392344576
FIN 1791383639.800 6392344576 SCRIPT_STOPPED_WITH_SUCCESS False
END 1791383640.252 6392344576
START 1791383647.239 6392344576
FIN 1791383647.330 6392344576 SCRIPT_STOPPED_WITH_SUCCESS True
END 1791383647.432 6392344576
START 1791383649.101 6392344576
FIN 1791383649.373 6392344576 SCRIPT_STOPPED_WITH_SUCCESS False
END 1791383649.494 6392344576
START 1791383654.503 6392344576
FIN 1791383654.678 6392344576 SCRIPT_STOPPED_WITH_SUCCESS False
END 1791383654.776 6392344576
START 1791383656.564 6392344576
FIN 1791383656.723 6392344576 SCRIPT_STOPPED_WITH_SUCCESS False
END 1791383656.843 6392344576
START 1791383659.169 6392344576
FIN 1791383659.344 6392344576 SCRIPT_STOPPED_WITH_SUCCESS False
END 1791383659.479 6392344576
START 1791383660.928 6392344576
FIN 1791383661.153 6392344576 SCRIPT_STOPPED_WITH_SUCCESS False
END 1791383661.275 6392344576
START 1791383662.565 6392344576
FIN 1791383662.674 6392344576 SCRIPT_STOPPED_WITH_SUCCESS False
END 1791383662.726 6392344576
START 1791383664.820 6392344576
FIN 1791383665.025 6392344576 SCRIPT_STOPPED_WITH_SUCCESS True
END 1791383665.133 6392344576
START 1791383667.148 6392344576
FIN 1791383667.326 6392344576 SCRIPT_STOPPED_WITH_SUCCESS False
END 1791383667.431 6392344576
START 1791383672.366 6392344576
FIN 1791383674.180 6392344576 SCRIPT_STOPPED_WITH_SUCCESS False
END 1791383674.904 6392344576
START 1791383684.490 6392344576
FIN 1791383685.411 6392344576 SCRIPT_STOPPED_WITH_SUCCESS True
END 1791383687.109 6392344576
START 1791383689.552 6392344576
FIN 1791383691.406 6392344576 SCRIPT_STOPPED_WITH_SUCCESS False
END 1791383691.768 6392344576
START 1791383698.867 6392344576
FIN 1791383699.191 6392344576 SCRIPT_STOPPED_WITH_SUCCESS False
END 1791383699.397 6392344576
START 1791383701.008 6392344576
FIN 1791383701.227 6392344576 SCRIPT_STOPPED_WITH_SUCCESS False
END 1791383701.396 6392344576
START 1791383702.683 6392344576
FIN 1791383702.820 6392344576 SCRIPT_STOPPED_WITH_SUCCESS False
END 1791383703.439 6392344576
START 1791383705.010 6392344576
FIN 1791383705.449 6392344576 SCRIPT_STOPPED_WITH_SUCCESS False
END 1791383705.573 6392344576
START 1791383707.418 6392344576
FIN 1791383707.698 6392344576 SCRIPT_STOPPED_WITH_SUCCESS False
END 1791383707.866 6392344576
START 1791383709.937 6392344576
FIN 1791383710.516 6392344576 SCRIPT_STOPPED_WITH_SUCCESS True
END 1791383710.634 6392344576
START 1791383713.480 6392344576
FIN 1791383714.499 6392344576 SCRIPT_STOPPED_WITH_SUCCESS False
END 1791383714.823 6392344576
START 1791383721.552 6392344576
FIN 1791383721.947 6392344576 SCRIPT_STOPPED_WITH_SUCCESS False
END 1791383722.152 6392344576
START 1791383727.902 6392344576
FIN 1791383728.467 6392344576 SCRIPT_STOPPED_WITH_SUCCESS True
END 1791383728.874 6392344576
START 1791383730.841 6392344576
FIN 1791383731.156 6392344576 SCRIPT_STOPPED_WITH_SUCCESS False
END 1791383731.349 6392344576
START 1791383737.323 6392344576
FIN 1791383738.417 6392344576 SCRIPT_STOPPED_WITH_SUCCESS False
END 1791383738.678 6392344576
START 1791383740.164 6392344576
FIN 1791383740.508 6392344576 SCRIPT_STOPPED_WITH_SUCCESS False
END 1791383740.627 6392344576
START 1791383741.900 6392344576
FIN 1791383742.076 6392344576 SCRIPT_STOPPED_WITH_SUCCESS False
END 1791383742.199 6392344576
START 1791383744.517 6392344576
FIN 1791383744.940 6392344576 SCRIPT_STOPPED_WITH_SUCCESS False
END 1791383745.079 6392344576
START 1791383746.997 6392344576
FIN 1791383747.260 6392344576 SCRIPT_STOPPED_WITH_SUCCESS False
END 1791383747.429 6392344576
START 1791383749.976 6392344576
FIN 1791383750.381 6392344576 SCRIPT_STOPPED_WITH_SUCCESS True
END 1791383750.489 6392344576
START 1791383752.664 6392344576
FIN 1791383752.831 6392344576 SCRIPT_STOPPED_WITH_SUCCESS False
END 1791383752.895 6392344576
START 1791383757.139 6392344576
FIN 1791383758.983 6392344576 SCRIPT_STOPPED_WITH_SUCCESS False
END 1791383759.875 6392344576
START 1791383769.647 6392344576
FIN 1791383770.036 6392344576 SCRIPT_STOPPED_WITH_SUCCESS True
END 1791383771.106 6392344576
START 1791383775.668 6392344576
FIN 1791383778.975 6392344576 SCRIPT_STOPPED_WITH_SUCCESS False
END 1791383781.075 6392344576
START 1791383786.312 6392344576
FIN 1791383786.731 6392344576 SCRIPT_STOPPED_WITH_SUCCESS False
END 1791383787.068 6392344576
START 1791383789.794 6392344576
FIN 1791383790.150 6392344576 SCRIPT_STOPPED_WITH_SUCCESS False
END 1791383790.549 6392344576
START 1791383792.657 6392344576
FIN 1791383793.122 6392344576 SCRIPT_STOPPED_WITH_SUCCESS False
END 1791383793.339 6392344576
START 1791383794.953 6392344576
FIN 1791383795.185 6392344576 SCRIPT_STOPPED_WITH_SUCCESS False
END 1791383795.314 6392344576
START 1791383796.554 6392344576
FIN 1791383796.705 6392344576 SCRIPT_STOPPED_WITH_SUCCESS False
END 1791383796.773 6392344576
START 1791383799.098 6392344576
FIN 1791383799.295 6392344576 SCRIPT_STOPPED_WITH_SUCCESS True
END 1791383799.415 6392344576
START 1791383801.543 6392344576
FIN 1791383802.160 6392344576 SCRIPT_STOPPED_WITH_SUCCESS False
END 1791383802.339 6392344576
START 1791383806.964 6392344576
FIN 1791383807.143 6392344576 SCRIPT_STOPPED_WITH_SUCCESS False
END 1791383807.252 6392344576
START 1791383813.351 6392344576
FIN 1791383813.468 6392344576 SCRIPT_STOPPED_WITH_SUCCESS True
END 1791383813.576 6392344576
START 1791383815.209 6392344576
FIN 1791383815.317 6392344576 SCRIPT_STOPPED_WITH_SUCCESS False
END 1791383815.370 6392344576
START 1791383821.131 6392344576
FIN 1791383821.354 6392344576 SCRIPT_STOPPED_WITH_SUCCESS False
END 1791383821.499 6392344576
START 1791383823.209 6392344576
FIN 1791383823.355 6392344576 SCRIPT_STOPPED_WITH_SUCCESS False
END 1791383823.554 6392344576
START 1791383824.884 6392344576
FIN 1791383825.044 6392344576 SCRIPT_STOPPED_WITH_SUCCESS False
END 1791383825.161 6392344576
START 1791383827.298 6392344576
FIN 1791383827.610 6392344576 SCRIPT_STOPPED_WITH_SUCCESS False
END 1791383827.760 6392344576
START 1791383829.169 6392344576
FIN 1791383829.327 6392344576 SCRIPT_STOPPED_WITH_SUCCESS False
END 1791383829.443 6392344576
START 1791383831.843 6392344576
FIN 1791383832.088 6392344576 SCRIPT_STOPPED_WITH_SUCCESS True
END 1791383832.172 6392344576
START 1791383834.195 6392344576
FIN 1791383834.325 6392344576 SCRIPT_STOPPED_WITH_SUCCESS False
END 1791383834.383 6392344576
START 1791383838.509 6392344576
FIN 1791383838.683 6392344576 SCRIPT_STOPPED_WITH_SUCCESS False
END 1791383838.781 6392344576
START 1791383844.352 6392344576
FIN 1791383844.444 6392344576 SCRIPT_STOPPED_WITH_SUCCESS True
END 1791383844.560 6392344576
START 1791383846.208 6392344576
FIN 1791383846.328 6392344576 SCRIPT_STOPPED_WITH_SUCCESS False
END 1791383846.407 6392344576
START 1791383851.386 6392344576
FIN 1791383851.528 6392344576 SCRIPT_STOPPED_WITH_SUCCESS False
END 1791383851.657 6392344576
START 1791383853.382 6392344576
FIN 1791383853.536 6392344576 SCRIPT_STOPPED_WITH_SUCCESS False
END 1791383853.657 6392344576
START 1791383854.975 6392344576
FIN 1791383855.099 6392344576 SCRIPT_STOPPED_WITH_SUCCESS False
END 1791383855.168 6392344576
START 1791383856.561 6392344576
FIN 1791383856.732 6392344576 SCRIPT_STOPPED_WITH_SUCCESS False
END 1791383856.821 6392344576
START 1791383858.082 6392344576
FIN 1791383858.197 6392344576 SCRIPT_STOPPED_WITH_SUCCESS False
END 1791383858.257 6392344576
START 1791383860.399 6392344576
FIN 1791383860.596 6392344576 SCRIPT_STOPPED_WITH_SUCCESS True
END 1791383860.722 6392344576
START 1791383862.850 6392344576
FIN 1791383863.076 6392344576 SCRIPT_STOPPED_WITH_SUCCESS False
END 1791383863.235 6392344576
START 1791383867.473 6392344576
FIN 1791383867.682 6392344576 SCRIPT_STOPPED_WITH_SUCCESS False
END 1791383867.811 6392344576
START 1791383873.191 6392344576
FIN 1791383873.329 6392344576 SCRIPT_STOPPED_WITH_SUCCESS True
END 1791383873.523 6392344576
START 1791383875.661 6392344576
FIN 1791383876.151 6392344576 SCRIPT_STOPPED_WITH_SUCCESS False
END 1791383876.305 6392344576
START 1791383883.888 6392344576
FIN 1791383884.387 6392344576 SCRIPT_STOPPED_WITH_SUCCESS False
END 1791383884.595 6392344576
START 1791383887.082 6392344576
FIN 1791383887.372 6392344576 SCRIPT_STOPPED_WITH_SUCCESS False
END 1791383887.550 6392344576
START 1791383888.943 6392344576
FIN 1791383889.300 6392344576 SCRIPT_STOPPED_WITH_SUCCESS False
END 1791383889.523 6392344576
START 1791383890.797 6392344576
FIN 1791383890.986 6392344576 SCRIPT_STOPPED_WITH_SUCCESS False
END 1791383891.093 6392344576
START 1791383892.362 6392344576
FIN 1791383892.486 6392344576 SCRIPT_STOPPED_WITH_SUCCESS False
END 1791383892.585 6392344576
START 1791383895.635 6392344576
FIN 1791383897.351 6392344576 SCRIPT_STOPPED_WITH_SUCCESS True
END 1791383897.687 6392344576
START 1791383900.137 6392344576
FIN 1791383900.391 6392344576 SCRIPT_STOPPED_WITH_SUCCESS False
END 1791383900.523 6392344576
START 1791383905.695 6392344576
FIN 1791383906.016 6392344576 SCRIPT_STOPPED_WITH_SUCCESS False
END 1791383906.177 6392344576
START 1791383911.995 6392344576
FIN 1791383912.829 6392344576 SCRIPT_STOPPED_WITH_SUCCESS True
END 1791383913.070 6392344576
START 1791383914.906 6392344576
FIN 1791383915.373 6392344576 SCRIPT_STOPPED_WITH_SUCCESS False
END 1791383915.573 6392344576
START 1791383921.054 6392344576
FIN 1791383921.239 6392344576 SCRIPT_STOPPED_WITH_SUCCESS False
END 1791383921.369 6392344576
START 1791383922.953 6392344576
FIN 1791383923.095 6392344576 SCRIPT_STOPPED_WITH_SUCCESS False
END 1791383923.206 6392344576
START 1791383924.531 6392344576
FIN 1791383924.711 6392344576 SCRIPT_STOPPED_WITH_SUCCESS False
END 1791383924.830 6392344576
START 1791383926.878 6392344576
FIN 1791383927.048 6392344576 SCRIPT_STOPPED_WITH_SUCCESS False
END 1791383927.129 6392344576
START 1791383928.456 6392344576
FIN 1791383928.601 6392344576 SCRIPT_STOPPED_WITH_SUCCESS False
END 1791383928.712 6392344576
START 1791383930.010 6392344576
FIN 1791383930.161 6392344576 SCRIPT_STOPPED_WITH_SUCCESS True
END 1791383930.223 6392344576
START 1791383932.196 6392344576
FIN 1791383932.329 6392344576 SCRIPT_STOPPED_WITH_SUCCESS False
END 1791383932.463 6392344576
START 1791383937.571 6392344576
FIN 1791383938.042 6392344576 SCRIPT_STOPPED_WITH_SUCCESS False
END 1791383938.166 6392344576
START 1791383944.869 6392344576
FIN 1791383944.988 6392344576 SCRIPT_STOPPED_WITH_SUCCESS True
END 1791383945.154 6392344576
START 1791383948.977 6392344576
FIN 1791383949.690 6392344576 SCRIPT_STOPPED_WITH_SUCCESS False
END 1791383949.855 6392344576
START 1791383956.564 6392344576
FIN 1791383957.849 6392344576 SCRIPT_STOPPED_WITH_SUCCESS False
END 1791383958.271 6392344576
START 1791383959.928 6392344576
FIN 1791383960.107 6392344576 SCRIPT_STOPPED_WITH_SUCCESS False
END 1791383960.236 6392344576
START 1791383961.584 6392344576
FIN 1791383961.821 6392344576 SCRIPT_STOPPED_WITH_SUCCESS False
END 1791383962.097 6392344576
START 1791383964.411 6392344576
FIN 1791383964.628 6392344576 SCRIPT_STOPPED_WITH_SUCCESS False
END 1791383964.743 6392344576
START 1791383966.064 6392344576
FIN 1791383966.227 6392344576 SCRIPT_STOPPED_WITH_SUCCESS False
END 1791383966.335 6392344576
START 1791383968.577 6392344576
FIN 1791383968.758 6392344576 SCRIPT_STOPPED_WITH_SUCCESS True
END 1791383968.878 6392344576
START 1791383972.528 6392344576
FIN 1791383973.814 6392344576 SCRIPT_STOPPED_WITH_SUCCESS False
END 1791383974.407 6392344576
START 1791383980.441 6392344576
FIN 1791383980.767 6392344576 SCRIPT_STOPPED_WITH_SUCCESS False
END 1791383980.965 6392344576
